Archive Project report for ABS
Tue Nov 19 21:12:29 2013
Quartus II 64-Bit Version 12.1 Build 243 01/31/2013 Service Pack 1 SJ Full Version


---------------------
; Table of Contents ;
---------------------
  1. Legal Notice
  2. Archive Project Summary
  3. Archive Project Messages
  4. Files Archived



----------------
; Legal Notice ;
----------------
Copyright (C) 1991-2012 Altera Corporation
Your use of Altera Corporation's design tools, logic functions 
and other software and tools, and its AMPP partner logic 
functions, and any output files from any of the foregoing 
(including device programming or simulation files), and any 
associated documentation or information are expressly subject 
to the terms and conditions of the Altera Program License 
Subscription Agreement, Altera MegaCore Function License 
Agreement, or other applicable license agreement, including, 
without limitation, that your use is for the sole purpose of 
programming logic devices manufactured by Altera and sold by 
Altera or its authorized distributors.  Please refer to the 
applicable agreement for further details.



+----------------------------------------------------------------+
; Archive Project Summary                                        ;
+------------------------+---------------------------------------+
; Archive Project Status ; Successful - Tue Nov 19 21:12:29 2013 ;
; Revision Name          ; ABS                                   ;
; Top-level Entity Name  ; absMain                               ;
; Family                 ; Cyclone IV E                          ;
+------------------------+---------------------------------------+


+--------------------------+
; Archive Project Messages ;
+--------------------------+
Info: File Set 'Source control' contains:
    Info: Project source and settings files
    Info: Automatically detected source files
Info: ----------------------------------------------------------
Info: ----------------------------------------------------------
Info: Generated archive 'C:/Users/Johannes/Documents/Uni/Bachelorarbeit/FPGA-Projektordner/ABS/ABS.qar'
Info: ----------------------------------------------------------
Info: ----------------------------------------------------------
Info: Generated report 'ABS.archive.rpt'
Info (23030): Evaluation of Tcl script c:/altera/12.1sp1/quartus/common/tcl/apps/qpm/qar.tcl was successful
Info: Quartus II 64-Bit Shell was successful. 0 errors, 0 warnings
    Info: Peak virtual memory: 335 megabytes
    Info: Processing ended: Tue Nov 19 21:12:29 2013
    Info: Elapsed time: 00:00:02
    Info: Total CPU time (on all processors): 00:00:02


+---------------------------------------------------------+
; Files Archived                                          ;
+---------------------------------------------------------+
; File Name                                               ;
+---------------------------------------------------------+
; ABS.qpf                                                 ;
; ABS.qsf                                                 ;
; absControlHL.bdf                                        ;
; absControlHL.vhd                                        ;
; absControlHR.bdf                                        ;
; absControlHR.vhd                                        ;
; absControlVL.bdf                                        ;
; absControlVL.vhd                                        ;
; absControlVR.bdf                                        ;
; absControlVR.vhd                                        ;
; absMain.bdf                                             ;
; absMain.vhd                                             ;
; blockComparatorHL.vhd                                   ;
; blockComparatorHR.vhd                                   ;
; blockComparatorVL.vhd                                   ;
; blockComparatorVR.vhd                                   ;
; breakControlLeft.vhd                                    ;
; breakControlRight.vhd                                   ;
; busmultiplexer.vhd                                      ;
; c:/altera/12.1sp1/quartus/bin64/assignment_defaults.qdf ;
; clockdivider.vhd                                        ;
; clockdivider100k.vhd                                    ;
; controlBlock.bdf                                        ;
; controlBlock.vhd                                        ;
; dataToSerial.vhd                                        ;
; dutyCycleNormalizationHL.vhd                            ;
; dutyCycleNormalizationHR.vhd                            ;
; dutyCycleNormalizationVL.vhd                            ;
; dutyCycleNormalizationVR.vhd                            ;
; fixed_point_lib/fixed_float_types_c.vhdl                ;
; fixed_point_lib/fixed_pkg_c.vhdl                        ;
; fixed_point_lib/float_pkg_c.vhdl                        ;
; gSensorReader.vhd                                       ;
; incremental_db/compiled_partitions/ABS.db_info          ;
; LUT.vhd                                                 ;
; lutmultiplexer.vhd                                      ;
; outputBuffer.vhd                                        ;
; rpmMeasure.vhd                                          ;
; simulation/modelsim/absMain.vht                         ;
+---------------------------------------------------------+


