------------------------------------------------------------
TimeQuest Timing Analyzer Summary
------------------------------------------------------------

Type  : Slow 1200mV 85C Model Setup 'clockdivider:inst1|clockout'
Slack : -10.275
TNS   : -1969.480

Type  : Slow 1200mV 85C Model Setup 'dataToSerial:dataToSerial_instance|serialClk'
Slack : -6.819
TNS   : -1162.283

Type  : Slow 1200mV 85C Model Setup 'clk_board'
Slack : -4.239
TNS   : -408.988

Type  : Slow 1200mV 85C Model Setup 'gSensorReader:gSensorReader_instance|SCLKinternal'
Slack : -3.635
TNS   : -181.863

Type  : Slow 1200mV 85C Model Hold 'clk_board'
Slack : -0.158
TNS   : -0.240

Type  : Slow 1200mV 85C Model Hold 'dataToSerial:dataToSerial_instance|serialClk'
Slack : 0.110
TNS   : 0.000

Type  : Slow 1200mV 85C Model Hold 'clockdivider:inst1|clockout'
Slack : 0.325
TNS   : 0.000

Type  : Slow 1200mV 85C Model Hold 'gSensorReader:gSensorReader_instance|SCLKinternal'
Slack : 0.358
TNS   : 0.000

Type  : Slow 1200mV 85C Model Minimum Pulse Width 'clk_board'
Slack : -3.000
TNS   : -148.000

Type  : Slow 1200mV 85C Model Minimum Pulse Width 'clockdivider:inst1|clockout'
Slack : -2.174
TNS   : -752.568

Type  : Slow 1200mV 85C Model Minimum Pulse Width 'dataToSerial:dataToSerial_instance|serialClk'
Slack : -1.000
TNS   : -255.000

Type  : Slow 1200mV 85C Model Minimum Pulse Width 'gSensorReader:gSensorReader_instance|SCLKinternal'
Slack : -1.000
TNS   : -66.000

Type  : Slow 1200mV 0C Model Setup 'clockdivider:inst1|clockout'
Slack : -9.102
TNS   : -1697.785

Type  : Slow 1200mV 0C Model Setup 'dataToSerial:dataToSerial_instance|serialClk'
Slack : -6.034
TNS   : -1027.709

Type  : Slow 1200mV 0C Model Setup 'clk_board'
Slack : -3.730
TNS   : -351.255

Type  : Slow 1200mV 0C Model Setup 'gSensorReader:gSensorReader_instance|SCLKinternal'
Slack : -3.203
TNS   : -156.707

Type  : Slow 1200mV 0C Model Hold 'clk_board'
Slack : -0.145
TNS   : -0.223

Type  : Slow 1200mV 0C Model Hold 'dataToSerial:dataToSerial_instance|serialClk'
Slack : 0.096
TNS   : 0.000

Type  : Slow 1200mV 0C Model Hold 'clockdivider:inst1|clockout'
Slack : 0.298
TNS   : 0.000

Type  : Slow 1200mV 0C Model Hold 'gSensorReader:gSensorReader_instance|SCLKinternal'
Slack : 0.311
TNS   : 0.000

Type  : Slow 1200mV 0C Model Minimum Pulse Width 'clk_board'
Slack : -3.000
TNS   : -148.000

Type  : Slow 1200mV 0C Model Minimum Pulse Width 'clockdivider:inst1|clockout'
Slack : -2.174
TNS   : -752.568

Type  : Slow 1200mV 0C Model Minimum Pulse Width 'dataToSerial:dataToSerial_instance|serialClk'
Slack : -1.000
TNS   : -255.000

Type  : Slow 1200mV 0C Model Minimum Pulse Width 'gSensorReader:gSensorReader_instance|SCLKinternal'
Slack : -1.000
TNS   : -66.000

Type  : Fast 1200mV 0C Model Setup 'clockdivider:inst1|clockout'
Slack : -5.422
TNS   : -846.963

Type  : Fast 1200mV 0C Model Setup 'dataToSerial:dataToSerial_instance|serialClk'
Slack : -3.764
TNS   : -609.297

Type  : Fast 1200mV 0C Model Setup 'clk_board'
Slack : -2.064
TNS   : -172.768

Type  : Fast 1200mV 0C Model Setup 'gSensorReader:gSensorReader_instance|SCLKinternal'
Slack : -1.701
TNS   : -75.093

Type  : Fast 1200mV 0C Model Hold 'clk_board'
Slack : -0.092
TNS   : -0.132

Type  : Fast 1200mV 0C Model Hold 'dataToSerial:dataToSerial_instance|serialClk'
Slack : 0.006
TNS   : 0.000

Type  : Fast 1200mV 0C Model Hold 'clockdivider:inst1|clockout'
Slack : 0.159
TNS   : 0.000

Type  : Fast 1200mV 0C Model Hold 'gSensorReader:gSensorReader_instance|SCLKinternal'
Slack : 0.160
TNS   : 0.000

Type  : Fast 1200mV 0C Model Minimum Pulse Width 'clk_board'
Slack : -3.000
TNS   : -189.836

Type  : Fast 1200mV 0C Model Minimum Pulse Width 'clockdivider:inst1|clockout'
Slack : -1.000
TNS   : -715.000

Type  : Fast 1200mV 0C Model Minimum Pulse Width 'dataToSerial:dataToSerial_instance|serialClk'
Slack : -1.000
TNS   : -255.000

Type  : Fast 1200mV 0C Model Minimum Pulse Width 'gSensorReader:gSensorReader_instance|SCLKinternal'
Slack : -1.000
TNS   : -66.000

------------------------------------------------------------
